ref	9	.	G	C	.	PASS	DP=15	GT:DP:RE:AR:RQ:GQ:DN:DNP:ABP:SBP:RPB:PPB:AQ:PUR:RS:AD:GL	0/1:6:0.060:0.000:18.4:18:.:.:0.00:6.51:13.03:0.00:59.996,59.996:0.00:C,3,0.030,G,3,0.030:3,3:-1.84,-0.01,-5.82	0/1:0:0.000:.:18.4:18:N:81:.:.:.:.:0.000,0.000:.:.:0,0:-1.84,-0.01,-5.82	0/1:0:0.000:.:82.4:49:N:81:.:.:.:.:0.000,0.000:.:.:0,0:-8.24,0.00,-4.92	0/1:9:0.090:0.000:83.5:49:.:.:2.17:13.03:19.54:0.00:59.996,119.992:0.00:C,6,0.060,G,3,0.030:3,6:-8.35,0.00,-4.92
ref	35	.	A	T	.	PASS	DP=23	GT:DP:RE:AR:RQ:GQ:DN:DNP:ABP:SBP:RPB:PPB:AQ:PUR:RS:AD:GL	0/1:6:0.060:0.000:65.6:9:.:.:5.79:10.86:13.03:0.00:19.999,99.993:0.00:A,1,0.010,T,5,0.050:1,5:-6.56,-0.06,-0.92	0/1:0:0.000:.:65.6:9:N:81:.:.:.:.:0.000,0.000:.:.:0,0:-6.56,-0.06,-0.92	0/0:0:0.000:.:0.0:79:N:81:.:.:.:.:0.000,0.000:.:.:0,0:0.00,-8.49,-18.05	0/0:17:0.170:0.000:0.0:83:.:.:0.00:36.92:36.92:0.00:339.977,0.000:0.00:A,17,0.170:17,0:0.00,-9.16,-46.28
