ref	9	.	G	C	.	PASS	DP=21	GT:DP:RE:AR:RQ:GQ:DN:DNP:ABP:SBP:RPB:PPB:AQ:PUR:RS:AD:GL	1/0:6:0.060:0.000:145.1:141:N:141:0.00:6.51:13.03:0.00:59.996,59.996:0.00:C,3,0.030,G,3,0.030:3,3:-14.51,0.00,-14.50	1/0:9:0.090:0.000:195.9:162:.:.:2.17:13.03:19.54:0.00:59.996,119.992:0.00:C,6,0.060,G,3,0.030:3,6:-19.59,0.00,-16.16	1/0:6:0.060:0.000:145.1:141:N:141:0.00:6.51:13.03:0.00:59.996,59.996:0.00:C,3,0.030,G,3,0.030:3,3:-14.51,0.00,-14.50
ref	35	.	A	T	.	PASS	DP=23	GT:DP:RE:AR:RQ:GQ:DN:DNP:ABP:SBP:RPB:PPB:AQ:PUR:RS:AD:GL:OCOC:DCOC:OCOF:DCOF	0/1:6:0.060:0.000:20.8:21:Y:7:5.79:10.86:13.03:0.00:19.999,99.993:0.00:A,1,0.010,T,5,0.050:1,5:-2.08,0.00,-10.24:0:0:0.000:0.000	0/0:11:0.110:0.000:1.0:7:.:.:0.00:23.89:23.89:0.00:219.985,0.000:0.00:A,11,0.110:11,0:-0.10,-0.67,-34.03	0/0:6:0.060:0.000:1.0:7:N:78:0.00:13.03:13.03:0.00:119.992,0.000:0.00:A,6,0.060:6,0:-0.10,-0.67,-22.60
