<!DOCTYPE html PUBLIC "-//W3C//DTD XHTML 1.0 Strict//EN" "http://www.w3.org/TR/xhtml1/DTD/xhtml1-strict.dtd">
<html xmlns="http://www.w3.org/1999/xhtml" xml:lang="en" lang="en">
<head>
<meta charset="utf-8"/>
<link rel="shortcut icon" href="http://realtimegenomics.com/asset/icon.ico"/>
<link rel="stylesheet" type="text/css" href="index_files/rtg.css"/>
<script id="notfound">window.onload=function(){document.body.innerHTML="Could not get resource krona-2.0.js"}</script>
<script src="index_files/krona-2.0.js"></script>
</head>
<body>
<div id="dheader"><a id="lheader" href="http://www.realtimegenomics.com"><h1>Species Report</h1></a></div><div style="margin:1em;">
<!--PARAMETER SUMMARY-->
<!--END PARAMETER SUMMARY-->
</div><img id="hiddenImage" src="index_files/hidden.png" style="display:none"/>
<img id="loadingImage" src="index_files/loading.gif" style="display:none"/>
<noscript>Javascript must be enabled to view this page.</noscript>
<div style="display:none">
<krona>
<attributes magnitude="magnitude"><list>members</list>
<attribute>magnitude</attribute>
<attribute display="Taxonomy Id" hrefBase="http://www.ncbi.nlm.nih.gov/Taxonomy/Browser/wwwtax.cgi?mode=Info&amp;id=" mono="true">taxonomyid</attribute>
<attribute display="Rank" mono="true">rank</attribute>
<attribute display="Abundance" mono="true">abundance</attribute>
<attribute display="Confidence" mono="true">confidence</attribute>
<attribute display="DNA Fraction" mono="true">dnafraction</attribute>
<attribute display="Coverage Depth" mono="true">coveragedepth</attribute>
<attribute display="Coverage Breadth" mono="true">coveragebreadth</attribute>
<attribute display="Genome Length" mono="true">genomelength</attribute>
<attribute display="Mapped Reads" mono="true">mappedreads</attribute>
</attributes>
<datasets><dataset>by abundance</dataset><dataset>by DNA fraction</dataset></datasets>
<node name="all"><magnitude><val>1.0</val><val>1.0</val></magnitude>
  <node name="a n a"><magnitude><val>0.42857142857142855</val><val>0.35714285714285715</val></magnitude><taxonomyid><val href="2">2</val></taxonomyid><rank><val>species</val></rank><abundance><val>0.43 (0.08~1.00)</val></abundance><confidence><val>1.61</val></confidence><dnafraction><val>0.36 (0.06~1.00)</val></dnafraction><coveragedepth><val>1.00</val></coveragedepth><coveragebreadth><val>1.00</val></coveragebreadth><genomelength><val>8</val></genomelength><mappedreads><val>2.00</val></mappedreads></node>
  <node name="b"><magnitude><val>0.5714285714285714</val><val>0.47619047619047616</val></magnitude><taxonomyid><val href="3">3</val></taxonomyid><rank><val>species</val></rank><abundance><val>0.57 (0.13~1.00)</val></abundance><confidence><val>2.26</val></confidence><dnafraction><val>0.48 (0.11~1.00)</val></dnafraction><coveragedepth><val>1.50</val></coveragedepth><coveragebreadth><val>1.00</val></coveragebreadth><genomelength><val>8</val></genomelength><mappedreads><val>3.00</val></mappedreads></node></node>
</krona></div></body></html>
